Archive member included because of file (symbol)

C:\Users\Yusuke\Documents\LPCXpresso_7.7.2_379\workspace\CMSISv2p00_LPC11xx\Debug\libCMSISv2p00_LPC11xx.a(system_LPC11xx.o)
                              ./src/cr_startup_lpc11xx.o (SystemInit)
c:/nxp/lpcxpresso_7.7.2_379/lpcxpresso/tools/bin/../lib/gcc/arm-none-eabi/4.9.3/../../../../arm-none-eabi/lib/armv6-m\libcr_c.a(memcpy.o)
                              ./src/SD.o (memcpy)
c:/nxp/lpcxpresso_7.7.2_379/lpcxpresso/tools/bin/../lib/gcc/arm-none-eabi/4.9.3/../../../../arm-none-eabi/lib/armv6-m\libcr_c.a(memset.o)
                              ./src/comm.o (memset)
c:/nxp/lpcxpresso_7.7.2_379/lpcxpresso/tools/bin/../lib/gcc/arm-none-eabi/4.9.3/../../../../arm-none-eabi/lib/armv6-m\libcr_c.a(__weak__main.o)
                              ./src/cr_startup_lpc11xx.o (__main)
c:/nxp/lpcxpresso_7.7.2_379/lpcxpresso/tools/bin/../lib/gcc/arm-none-eabi/4.9.3/armv6-m\libcr_eabihelpers.a(division_32.o)
                              ./src/SD.o (__aeabi_idiv)
c:/nxp/lpcxpresso_7.7.2_379/lpcxpresso/tools/bin/../lib/gcc/arm-none-eabi/4.9.3/armv6-m\libcr_eabihelpers.a(division_idiv0.o)
                              c:/nxp/lpcxpresso_7.7.2_379/lpcxpresso/tools/bin/../lib/gcc/arm-none-eabi/4.9.3/armv6-m\libcr_eabihelpers.a(division_32.o) (__aeabi_idiv0)
c:/nxp/lpcxpresso_7.7.2_379/lpcxpresso/tools/bin/../lib/gcc/arm-none-eabi/4.9.3/armv6-m\libcr_eabihelpers.a(double.o)
                              ./src/logger.o (__aeabi_dmul)
c:/nxp/lpcxpresso_7.7.2_379/lpcxpresso/tools/bin/../lib/gcc/arm-none-eabi/4.9.3/armv6-m\libcr_eabihelpers.a(llong.o)
                              c:/nxp/lpcxpresso_7.7.2_379/lpcxpresso/tools/bin/../lib/gcc/arm-none-eabi/4.9.3/armv6-m\libcr_eabihelpers.a(double.o) (__aeabi_lmul)
c:/nxp/lpcxpresso_7.7.2_379/lpcxpresso/tools/bin/../lib/gcc/arm-none-eabi/4.9.3/armv6-m\libcr_eabihelpers.a(memcpy.o)
                              c:/nxp/lpcxpresso_7.7.2_379/lpcxpresso/tools/bin/../lib/gcc/arm-none-eabi/4.9.3/../../../../arm-none-eabi/lib/armv6-m\libcr_c.a(memcpy.o) (__aeabi_memcpy)
c:/nxp/lpcxpresso_7.7.2_379/lpcxpresso/tools/bin/../lib/gcc/arm-none-eabi/4.9.3/armv6-m\libcr_eabihelpers.a(thumb1_switch_helpers.o)
                              ./src/comm.o (__gnu_thumb1_case_uqi)

Allocating common symbols
Common symbol       size              file

RdataB              0x96              ./src/comm.o
I2CReadLength       0x4               ./src/i2c.o
I2CSlaveBuffer      0x40              ./src/i2c.o
RdataB6             0xc8              ./src/comm.o
pressbuff           0x50              ./src/Board.o
RdataA6             0xc8              ./src/comm.o
accelbuff           0xa0              ./src/Board.o
nulldata            0x0               ./src/comm.o
FatFs               0x234             ./src/SD.o
RdataA              0x96              ./src/comm.o
dest_addr           0x10              ./src/interface.o
tempbuff            0x50              ./src/Board.o
gyrobuff            0xa0              ./src/Board.o
bigaccelbuff        0xa0              ./src/Board.o
I2CMasterBuffer     0x40              ./src/i2c.o
src_addr            0x10              ./src/interface.o
data                0x50              ./src/Board.o
fr                  0x1               ./src/SD.o
I2CWriteLength      0x4               ./src/i2c.o
fil                 0x224             ./src/Board.o
magbuff             0xa0              ./src/Board.o

Discarded input sections

 .group         0x00000000        0x8 ./src/fatfs/ff.o
 .group         0x00000000        0x8 ./src/fatfs/ff.o
 .group         0x00000000        0x8 ./src/fatfs/ff.o
 .group         0x00000000        0x8 ./src/fatfs/ff.o
 .text          0x00000000        0x0 ./src/fatfs/ff.o
 .data          0x00000000        0x0 ./src/fatfs/ff.o
 .bss           0x00000000        0x0 ./src/fatfs/ff.o
 .text.get_fileinfo
                0x00000000       0x66 ./src/fatfs/ff.o
 .text.get_achar
                0x00000000       0x4c ./src/fatfs/ff.o
 .text.pattern_matching
                0x00000000       0x9a ./src/fatfs/ff.o
 .text.dir_remove
                0x00000000       0x34 ./src/fatfs/ff.o
 .text.dir_read
                0x00000000       0x5e ./src/fatfs/ff.o
 .text.f_read   0x00000000      0x15e ./src/fatfs/ff.o
 .text.f_close  0x00000000       0x1a ./src/fatfs/ff.o
 .text.f_chdir  0x00000000       0x54 ./src/fatfs/ff.o
 .text.f_getcwd
                0x00000000      0x10e ./src/fatfs/ff.o
 .text.f_opendir
                0x00000000       0x76 ./src/fatfs/ff.o
 .text.f_closedir
                0x00000000       0x10 ./src/fatfs/ff.o
 .text.f_readdir
                0x00000000       0x56 ./src/fatfs/ff.o
 .text.f_findnext
                0x00000000       0x32 ./src/fatfs/ff.o
 .text.f_findfirst
                0x00000000       0x1c ./src/fatfs/ff.o
 .text.f_stat   0x00000000       0x44 ./src/fatfs/ff.o
 .text.f_getfree
                0x00000000       0xe6 ./src/fatfs/ff.o
 .text.f_truncate
                0x00000000       0xa8 ./src/fatfs/ff.o
 .text.f_unlink
                0x00000000       0xae ./src/fatfs/ff.o
 .text.f_mkdir  0x00000000      0x200 ./src/fatfs/ff.o
 .text.f_chmod  0x00000000       0x56 ./src/fatfs/ff.o
 .text.f_rename
                0x00000000      0x114 ./src/fatfs/ff.o
 .text.f_utime  0x00000000       0x5a ./src/fatfs/ff.o
 .text.f_getlabel
                0x00000000       0xac ./src/fatfs/ff.o
 .text.f_setlabel
                0x00000000      0x1c8 ./src/fatfs/ff.o
 .text.f_mkfs   0x00000000      0x5fc ./src/fatfs/ff.o
 .rodata.vst.4381
                0x00000000       0x16 ./src/fatfs/ff.o
 .rodata.cst.4382
                0x00000000       0x16 ./src/fatfs/ff.o
 .group         0x00000000        0x8 ./src/fatfs/mmc_ssp.o
 .group         0x00000000        0x8 ./src/fatfs/mmc_ssp.o
 .group         0x00000000        0x8 ./src/fatfs/mmc_ssp.o
 .group         0x00000000        0x8 ./src/fatfs/mmc_ssp.o
 .group         0x00000000        0x8 ./src/fatfs/mmc_ssp.o
 .group         0x00000000        0x8 ./src/fatfs/mmc_ssp.o
 .group         0x00000000        0x8 ./src/fatfs/mmc_ssp.o
 .group         0x00000000        0x8 ./src/fatfs/mmc_ssp.o
 .group         0x00000000        0x8 ./src/fatfs/mmc_ssp.o
 .group         0x00000000        0x8 ./src/fatfs/mmc_ssp.o
 .text          0x00000000        0x0 ./src/fatfs/mmc_ssp.o
 .data          0x00000000        0x0 ./src/fatfs/mmc_ssp.o
 .bss           0x00000000        0x0 ./src/fatfs/mmc_ssp.o
 .debug_macro   0x00000000      0x83e ./src/fatfs/mmc_ssp.o
 .group         0x00000000        0x8 ./src/Board.o
 .group         0x00000000        0x8 ./src/Board.o
 .group         0x00000000        0x8 ./src/Board.o
 .group         0x00000000        0x8 ./src/Board.o
 .group         0x00000000        0x8 ./src/Board.o
 .group         0x00000000        0x8 ./src/Board.o
 .group         0x00000000        0x8 ./src/Board.o
 .group         0x00000000        0x8 ./src/Board.o
 .group         0x00000000        0x8 ./src/Board.o
 .group         0x00000000        0x8 ./src/Board.o
 .group         0x00000000        0x8 ./src/Board.o
 .group         0x00000000        0x8 ./src/Board.o
 .group         0x00000000        0x8 ./src/Board.o
 .group         0x00000000        0x8 ./src/Board.o
 .group         0x00000000        0x8 ./src/Board.o
 .text          0x00000000        0x0 ./src/Board.o
 .data          0x00000000        0x0 ./src/Board.o
 .bss           0x00000000        0x0 ./src/Board.o
 .debug_macro   0x00000000      0x83e ./src/Board.o
 .debug_macro   0x00000000       0x1c ./src/Board.o
 .debug_macro   0x00000000       0x2e ./src/Board.o
 .debug_macro   0x00000000       0x10 ./src/Board.o
 .debug_macro   0x00000000      0x12d ./src/Board.o
 .debug_macro   0x00000000      0x5b2 ./src/Board.o
 .debug_macro   0x00000000      0x237 ./src/Board.o
 .debug_macro   0x00000000      0x131 ./src/Board.o
 .debug_macro   0x00000000       0xdb ./src/Board.o
 .group         0x00000000        0x8 ./src/SD.o
 .group         0x00000000        0x8 ./src/SD.o
 .group         0x00000000        0x8 ./src/SD.o
 .group         0x00000000        0x8 ./src/SD.o
 .group         0x00000000        0x8 ./src/SD.o
 .group         0x00000000        0x8 ./src/SD.o
 .group         0x00000000        0x8 ./src/SD.o
 .group         0x00000000        0x8 ./src/SD.o
 .group         0x00000000        0x8 ./src/SD.o
 .group         0x00000000        0x8 ./src/SD.o
 .text          0x00000000        0x0 ./src/SD.o
 .data          0x00000000        0x0 ./src/SD.o
 .bss           0x00000000        0x0 ./src/SD.o
 .text.SD_close
                0x00000000       0x10 ./src/SD.o
 .debug_macro   0x00000000      0x83e ./src/SD.o
 .debug_macro   0x00000000       0xdb ./src/SD.o
 .debug_macro   0x00000000       0xf5 ./src/SD.o
 .debug_macro   0x00000000       0x1c ./src/SD.o
 .debug_macro   0x00000000       0x2e ./src/SD.o
 .debug_macro   0x00000000       0x10 ./src/SD.o
 .debug_macro   0x00000000      0x12d ./src/SD.o
 .debug_macro   0x00000000      0x5b2 ./src/SD.o
 .debug_macro   0x00000000      0x237 ./src/SD.o
 .debug_macro   0x00000000      0x131 ./src/SD.o
 .group         0x00000000        0x8 ./src/comm.o
 .group         0x00000000        0x8 ./src/comm.o
 .group         0x00000000        0x8 ./src/comm.o
 .group         0x00000000        0x8 ./src/comm.o
 .group         0x00000000        0x8 ./src/comm.o
 .group         0x00000000        0x8 ./src/comm.o
 .group         0x00000000        0x8 ./src/comm.o
 .group         0x00000000        0x8 ./src/comm.o
 .group         0x00000000        0x8 ./src/comm.o
 .group         0x00000000        0x8 ./src/comm.o
 .group         0x00000000        0x8 ./src/comm.o
 .group         0x00000000        0x8 ./src/comm.o
 .text          0x00000000        0x0 ./src/comm.o
 .data          0x00000000        0x0 ./src/comm.o
 .bss           0x00000000        0x0 ./src/comm.o
 .debug_macro   0x00000000      0x83e ./src/comm.o
 .debug_macro   0x00000000       0x1c ./src/comm.o
 .debug_macro   0x00000000       0x2e ./src/comm.o
 .debug_macro   0x00000000       0x10 ./src/comm.o
 .debug_macro   0x00000000      0x12d ./src/comm.o
 .debug_macro   0x00000000      0x5b2 ./src/comm.o
 .debug_macro   0x00000000      0x237 ./src/comm.o
 .debug_macro   0x00000000      0x131 ./src/comm.o
 .debug_macro   0x00000000       0x82 ./src/comm.o
 .debug_macro   0x00000000       0xa0 ./src/comm.o
 .debug_macro   0x00000000       0x40 ./src/comm.o
 .group         0x00000000        0x8 ./src/cr_startup_lpc11xx.o
 .text          0x00000000        0x0 ./src/cr_startup_lpc11xx.o
 .data          0x00000000        0x0 ./src/cr_startup_lpc11xx.o
 .bss           0x00000000        0x0 ./src/cr_startup_lpc11xx.o
 .debug_macro   0x00000000      0x83e ./src/cr_startup_lpc11xx.o
 .group         0x00000000        0x8 ./src/crp.o
 .group         0x00000000        0x8 ./src/crp.o
 .text          0x00000000        0x0 ./src/crp.o
 .data          0x00000000        0x0 ./src/crp.o
 .bss           0x00000000        0x0 ./src/crp.o
 .debug_macro   0x00000000      0x83e ./src/crp.o
 .group         0x00000000        0x8 ./src/format.o
 .group         0x00000000        0x8 ./src/format.o
 .group         0x00000000        0x8 ./src/format.o
 .group         0x00000000        0x8 ./src/format.o
 .group         0x00000000        0x8 ./src/format.o
 .group         0x00000000        0x8 ./src/format.o
 .group         0x00000000        0x8 ./src/format.o
 .group         0x00000000        0x8 ./src/format.o
 .group         0x00000000        0x8 ./src/format.o
 .text          0x00000000        0x0 ./src/format.o
 .data          0x00000000        0x0 ./src/format.o
 .bss           0x00000000        0x0 ./src/format.o
 .debug_macro   0x00000000      0x83e ./src/format.o
 .debug_macro   0x00000000       0x1c ./src/format.o
 .debug_macro   0x00000000       0x2e ./src/format.o
 .debug_macro   0x00000000       0x10 ./src/format.o
 .debug_macro   0x00000000      0x12d ./src/format.o
 .debug_macro   0x00000000      0x5b2 ./src/format.o
 .debug_macro   0x00000000      0x237 ./src/format.o
 .debug_macro   0x00000000      0x131 ./src/format.o
 .debug_macro   0x00000000       0xa0 ./src/format.o
 .group         0x00000000        0x8 ./src/i2c.o
 .group         0x00000000        0x8 ./src/i2c.o
 .group         0x00000000        0x8 ./src/i2c.o
 .group         0x00000000        0x8 ./src/i2c.o
 .group         0x00000000        0x8 ./src/i2c.o
 .group         0x00000000        0x8 ./src/i2c.o
 .group         0x00000000        0x8 ./src/i2c.o
 .group         0x00000000        0x8 ./src/i2c.o
 .group         0x00000000        0x8 ./src/i2c.o
 .text          0x00000000        0x0 ./src/i2c.o
 .data          0x00000000        0x0 ./src/i2c.o
 .bss           0x00000000        0x0 ./src/i2c.o
 .text.I2CStart
                0x00000000       0x24 ./src/i2c.o
 .text.I2CStop  0x00000000       0x16 ./src/i2c.o
 .bss.I2CSlaveState
                0x00000000        0x4 ./src/i2c.o
 .bss.I2CCount  0x00000000        0x4 ./src/i2c.o
 .debug_macro   0x00000000      0x83e ./src/i2c.o
 .debug_macro   0x00000000       0x1c ./src/i2c.o
 .debug_macro   0x00000000       0x2e ./src/i2c.o
 .debug_macro   0x00000000       0x10 ./src/i2c.o
 .debug_macro   0x00000000      0x12d ./src/i2c.o
 .debug_macro   0x00000000      0x5b2 ./src/i2c.o
 .debug_macro   0x00000000      0x237 ./src/i2c.o
 .debug_macro   0x00000000      0x131 ./src/i2c.o
 .group         0x00000000        0x8 ./src/interface.o
 .group         0x00000000        0x8 ./src/interface.o
 .group         0x00000000        0x8 ./src/interface.o
 .group         0x00000000        0x8 ./src/interface.o
 .group         0x00000000        0x8 ./src/interface.o
 .group         0x00000000        0x8 ./src/interface.o
 .group         0x00000000        0x8 ./src/interface.o
 .group         0x00000000        0x8 ./src/interface.o
 .group         0x00000000        0x8 ./src/interface.o
 .group         0x00000000        0x8 ./src/interface.o
 .text          0x00000000        0x0 ./src/interface.o
 .data          0x00000000        0x0 ./src/interface.o
 .bss           0x00000000        0x0 ./src/interface.o
 .text.UART_SendString
                0x00000000       0x14 ./src/interface.o
 .text.ReadRegs
                0x00000000       0x38 ./src/interface.o
 .text.WriteReg
                0x00000000       0x44 ./src/interface.o
 .text.SPI0_Readbyte
                0x00000000       0x24 ./src/interface.o
 .debug_macro   0x00000000      0x83e ./src/interface.o
 .debug_macro   0x00000000       0x1c ./src/interface.o
 .debug_macro   0x00000000       0x2e ./src/interface.o
 .debug_macro   0x00000000       0x10 ./src/interface.o
 .debug_macro   0x00000000      0x12d ./src/interface.o
 .debug_macro   0x00000000      0x5b2 ./src/interface.o
 .debug_macro   0x00000000      0x237 ./src/interface.o
 .debug_macro   0x00000000      0x131 ./src/interface.o
 .debug_macro   0x00000000       0xa0 ./src/interface.o
 .debug_macro   0x00000000       0xee ./src/interface.o
 .group         0x00000000        0x8 ./src/logger.o
 .group         0x00000000        0x8 ./src/logger.o
 .group         0x00000000        0x8 ./src/logger.o
 .group         0x00000000        0x8 ./src/logger.o
 .group         0x00000000        0x8 ./src/logger.o
 .group         0x00000000        0x8 ./src/logger.o
 .group         0x00000000        0x8 ./src/logger.o
 .group         0x00000000        0x8 ./src/logger.o
 .group         0x00000000        0x8 ./src/logger.o
 .group         0x00000000        0x8 ./src/logger.o
 .group         0x00000000        0x8 ./src/logger.o
 .group         0x00000000        0x8 ./src/logger.o
 .group         0x00000000        0x8 ./src/logger.o
 .group         0x00000000        0x8 ./src/logger.o
 .text          0x00000000        0x0 ./src/logger.o
 .data          0x00000000        0x0 ./src/logger.o
 .bss           0x00000000        0x0 ./src/logger.o
 .debug_macro   0x00000000      0x83e ./src/logger.o
 .debug_macro   0x00000000       0x1c ./src/logger.o
 .debug_macro   0x00000000       0x2e ./src/logger.o
 .debug_macro   0x00000000       0x10 ./src/logger.o
 .debug_macro   0x00000000      0x12d ./src/logger.o
 .debug_macro   0x00000000      0x5b2 ./src/logger.o
 .debug_macro   0x00000000      0x237 ./src/logger.o
 .debug_macro   0x00000000      0x131 ./src/logger.o
 .debug_macro   0x00000000       0xca ./src/logger.o
 .debug_macro   0x00000000       0x40 ./src/logger.o
 .debug_macro   0x00000000       0xa0 ./src/logger.o
 .debug_macro   0x00000000       0xdb ./src/logger.o
 .debug_macro   0x00000000       0xf5 ./src/logger.o
 .debug_macro   0x00000000       0xa0 ./src/logger.o
 .group         0x00000000        0x8 ./src/sensor.o
 .group         0x00000000        0x8 ./src/sensor.o
 .group         0x00000000        0x8 ./src/sensor.o
 .group         0x00000000        0x8 ./src/sensor.o
 .group         0x00000000        0x8 ./src/sensor.o
 .group         0x00000000        0x8 ./src/sensor.o
 .group         0x00000000        0x8 ./src/sensor.o
 .group         0x00000000        0x8 ./src/sensor.o
 .group         0x00000000        0x8 ./src/sensor.o
 .group         0x00000000        0x8 ./src/sensor.o
 .group         0x00000000        0x8 ./src/sensor.o
 .group         0x00000000        0x8 ./src/sensor.o
 .group         0x00000000        0x8 ./src/sensor.o
 .group         0x00000000        0x8 ./src/sensor.o
 .text          0x00000000        0x0 ./src/sensor.o
 .data          0x00000000        0x0 ./src/sensor.o
 .bss           0x00000000        0x0 ./src/sensor.o
 .text.ADXL375  0x00000000        0x2 ./src/sensor.o
 .text.GPS      0x00000000        0x2 ./src/sensor.o
 .debug_macro   0x00000000      0x83e ./src/sensor.o
 .debug_macro   0x00000000       0x1c ./src/sensor.o
 .debug_macro   0x00000000       0x2e ./src/sensor.o
 .debug_macro   0x00000000       0x10 ./src/sensor.o
 .debug_macro   0x00000000      0x12d ./src/sensor.o
 .debug_macro   0x00000000      0x5b2 ./src/sensor.o
 .debug_macro   0x00000000      0x237 ./src/sensor.o
 .debug_macro   0x00000000      0x131 ./src/sensor.o
 .debug_macro   0x00000000       0xca ./src/sensor.o
 .debug_macro   0x00000000       0xa0 ./src/sensor.o
 .debug_macro   0x00000000       0xa0 ./src/sensor.o
 .debug_macro   0x00000000       0xdb ./src/sensor.o
 .debug_macro   0x00000000       0xee ./src/sensor.o
 .debug_macro   0x00000000       0x40 ./src/sensor.o
 .group         0x00000000        0x8 C:\Users\Yusuke\Documents\LPCXpresso_7.7.2_379\workspace\CMSISv2p00_LPC11xx\Debug\libCMSISv2p00_LPC11xx.a(system_LPC11xx.o)
 .group         0x00000000        0x8 C:\Users\Yusuke\Documents\LPCXpresso_7.7.2_379\workspace\CMSISv2p00_LPC11xx\Debug\libCMSISv2p00_LPC11xx.a(system_LPC11xx.o)
 .group         0x00000000        0x8 C:\Users\Yusuke\Documents\LPCXpresso_7.7.2_379\workspace\CMSISv2p00_LPC11xx\Debug\libCMSISv2p00_LPC11xx.a(system_LPC11xx.o)
 .group         0x00000000        0x8 C:\Users\Yusuke\Documents\LPCXpresso_7.7.2_379\workspace\CMSISv2p00_LPC11xx\Debug\libCMSISv2p00_LPC11xx.a(system_LPC11xx.o)
 .group         0x00000000        0x8 C:\Users\Yusuke\Documents\LPCXpresso_7.7.2_379\workspace\CMSISv2p00_LPC11xx\Debug\libCMSISv2p00_LPC11xx.a(system_LPC11xx.o)
 .group         0x00000000        0x8 C:\Users\Yusuke\Documents\LPCXpresso_7.7.2_379\workspace\CMSISv2p00_LPC11xx\Debug\libCMSISv2p00_LPC11xx.a(system_LPC11xx.o)
 .group         0x00000000        0x8 C:\Users\Yusuke\Documents\LPCXpresso_7.7.2_379\workspace\CMSISv2p00_LPC11xx\Debug\libCMSISv2p00_LPC11xx.a(system_LPC11xx.o)
 .group         0x00000000        0x8 C:\Users\Yusuke\Documents\LPCXpresso_7.7.2_379\workspace\CMSISv2p00_LPC11xx\Debug\libCMSISv2p00_LPC11xx.a(system_LPC11xx.o)
 .text          0x00000000        0x0 C:\Users\Yusuke\Documents\LPCXpresso_7.7.2_379\workspace\CMSISv2p00_LPC11xx\Debug\libCMSISv2p00_LPC11xx.a(system_LPC11xx.o)
 .data          0x00000000        0x0 C:\Users\Yusuke\Documents\LPCXpresso_7.7.2_379\workspace\CMSISv2p00_LPC11xx\Debug\libCMSISv2p00_LPC11xx.a(system_LPC11xx.o)
 .bss           0x00000000        0x0 C:\Users\Yusuke\Documents\LPCXpresso_7.7.2_379\workspace\CMSISv2p00_LPC11xx\Debug\libCMSISv2p00_LPC11xx.a(system_LPC11xx.o)
 .text.SystemCoreClockUpdate
                0x00000000       0xa0 C:\Users\Yusuke\Documents\LPCXpresso_7.7.2_379\workspace\CMSISv2p00_LPC11xx\Debug\libCMSISv2p00_LPC11xx.a(system_LPC11xx.o)
 .rodata.CSWTCH.7
                0x00000000       0x40 C:\Users\Yusuke\Documents\LPCXpresso_7.7.2_379\workspace\CMSISv2p00_LPC11xx\Debug\libCMSISv2p00_LPC11xx.a(system_LPC11xx.o)
 .debug_macro   0x00000000       0x10 C:\Users\Yusuke\Documents\LPCXpresso_7.7.2_379\workspace\CMSISv2p00_LPC11xx\Debug\libCMSISv2p00_LPC11xx.a(system_LPC11xx.o)
 .debug_macro   0x00000000      0x12d C:\Users\Yusuke\Documents\LPCXpresso_7.7.2_379\workspace\CMSISv2p00_LPC11xx\Debug\libCMSISv2p00_LPC11xx.a(system_LPC11xx.o)
 .debug_macro   0x00000000      0x5b2 C:\Users\Yusuke\Documents\LPCXpresso_7.7.2_379\workspace\CMSISv2p00_LPC11xx\Debug\libCMSISv2p00_LPC11xx.a(system_LPC11xx.o)
 .debug_macro   0x00000000       0x1c C:\Users\Yusuke\Documents\LPCXpresso_7.7.2_379\workspace\CMSISv2p00_LPC11xx\Debug\libCMSISv2p00_LPC11xx.a(system_LPC11xx.o)
 .debug_macro   0x00000000       0x2e C:\Users\Yusuke\Documents\LPCXpresso_7.7.2_379\workspace\CMSISv2p00_LPC11xx\Debug\libCMSISv2p00_LPC11xx.a(system_LPC11xx.o)
 .debug_macro   0x00000000      0x237 C:\Users\Yusuke\Documents\LPCXpresso_7.7.2_379\workspace\CMSISv2p00_LPC11xx\Debug\libCMSISv2p00_LPC11xx.a(system_LPC11xx.o)
 .debug_macro   0x00000000      0x131 C:\Users\Yusuke\Documents\LPCXpresso_7.7.2_379\workspace\CMSISv2p00_LPC11xx\Debug\libCMSISv2p00_LPC11xx.a(system_LPC11xx.o)
 .text          0x00000000        0x0 c:/nxp/lpcxpresso_7.7.2_379/lpcxpresso/tools/bin/../lib/gcc/arm-none-eabi/4.9.3/../../../../arm-none-eabi/lib/armv6-m\libcr_c.a(memcpy.o)
 .data          0x00000000        0x0 c:/nxp/lpcxpresso_7.7.2_379/lpcxpresso/tools/bin/../lib/gcc/arm-none-eabi/4.9.3/../../../../arm-none-eabi/lib/armv6-m\libcr_c.a(memcpy.o)
 .bss           0x00000000        0x0 c:/nxp/lpcxpresso_7.7.2_379/lpcxpresso/tools/bin/../lib/gcc/arm-none-eabi/4.9.3/../../../../arm-none-eabi/lib/armv6-m\libcr_c.a(memcpy.o)
 .text          0x00000000        0x0 c:/nxp/lpcxpresso_7.7.2_379/lpcxpresso/tools/bin/../lib/gcc/arm-none-eabi/4.9.3/../../../../arm-none-eabi/lib/armv6-m\libcr_c.a(memset.o)
 .data          0x00000000        0x0 c:/nxp/lpcxpresso_7.7.2_379/lpcxpresso/tools/bin/../lib/gcc/arm-none-eabi/4.9.3/../../../../arm-none-eabi/lib/armv6-m\libcr_c.a(memset.o)
 .bss           0x00000000        0x0 c:/nxp/lpcxpresso_7.7.2_379/lpcxpresso/tools/bin/../lib/gcc/arm-none-eabi/4.9.3/../../../../arm-none-eabi/lib/armv6-m\libcr_c.a(memset.o)
 .text          0x00000000        0x0 c:/nxp/lpcxpresso_7.7.2_379/lpcxpresso/tools/bin/../lib/gcc/arm-none-eabi/4.9.3/../../../../arm-none-eabi/lib/armv6-m\libcr_c.a(__weak__main.o)
 .data          0x00000000        0x0 c:/nxp/lpcxpresso_7.7.2_379/lpcxpresso/tools/bin/../lib/gcc/arm-none-eabi/4.9.3/../../../../arm-none-eabi/lib/armv6-m\libcr_c.a(__weak__main.o)
 .bss           0x00000000        0x0 c:/nxp/lpcxpresso_7.7.2_379/lpcxpresso/tools/bin/../lib/gcc/arm-none-eabi/4.9.3/../../../../arm-none-eabi/lib/armv6-m\libcr_c.a(__weak__main.o)
 .text          0x00000000        0x0 c:/nxp/lpcxpresso_7.7.2_379/lpcxpresso/tools/bin/../lib/gcc/arm-none-eabi/4.9.3/armv6-m\libcr_eabihelpers.a(division_32.o)
 .data          0x00000000        0x0 c:/nxp/lpcxpresso_7.7.2_379/lpcxpresso/tools/bin/../lib/gcc/arm-none-eabi/4.9.3/armv6-m\libcr_eabihelpers.a(division_32.o)
 .bss           0x00000000        0x0 c:/nxp/lpcxpresso_7.7.2_379/lpcxpresso/tools/bin/../lib/gcc/arm-none-eabi/4.9.3/armv6-m\libcr_eabihelpers.a(division_32.o)
 .text          0x00000000        0x0 c:/nxp/lpcxpresso_7.7.2_379/lpcxpresso/tools/bin/../lib/gcc/arm-none-eabi/4.9.3/armv6-m\libcr_eabihelpers.a(division_idiv0.o)
 .data          0x00000000        0x0 c:/nxp/lpcxpresso_7.7.2_379/lpcxpresso/tools/bin/../lib/gcc/arm-none-eabi/4.9.3/armv6-m\libcr_eabihelpers.a(division_idiv0.o)
 .bss           0x00000000        0x0 c:/nxp/lpcxpresso_7.7.2_379/lpcxpresso/tools/bin/../lib/gcc/arm-none-eabi/4.9.3/armv6-m\libcr_eabihelpers.a(division_idiv0.o)
 .text          0x00000000        0x0 c:/nxp/lpcxpresso_7.7.2_379/lpcxpresso/tools/bin/../lib/gcc/arm-none-eabi/4.9.3/armv6-m\libcr_eabihelpers.a(double.o)
 .data          0x00000000        0x0 c:/nxp/lpcxpresso_7.7.2_379/lpcxpresso/tools/bin/../lib/gcc/arm-none-eabi/4.9.3/armv6-m\libcr_eabihelpers.a(double.o)
 .bss           0x00000000        0x0 c:/nxp/lpcxpresso_7.7.2_379/lpcxpresso/tools/bin/../lib/gcc/arm-none-eabi/4.9.3/armv6-m\libcr_eabihelpers.a(double.o)
 .text.__aeabi_drsub
                0x00000000       0x18 c:/nxp/lpcxpresso_7.7.2_379/lpcxpresso/tools/bin/../lib/gcc/arm-none-eabi/4.9.3/armv6-m\libcr_eabihelpers.a(double.o)
 .text.__aeabi_dneg
                0x00000000        0xc c:/nxp/lpcxpresso_7.7.2_379/lpcxpresso/tools/bin/../lib/gcc/arm-none-eabi/4.9.3/armv6-m\libcr_eabihelpers.a(double.o)
 .text.__aeabi_d2f
                0x00000000       0x60 c:/nxp/lpcxpresso_7.7.2_379/lpcxpresso/tools/bin/../lib/gcc/arm-none-eabi/4.9.3/armv6-m\libcr_eabihelpers.a(double.o)
 .text.__aeabi_d2iz
                0x00000000       0x48 c:/nxp/lpcxpresso_7.7.2_379/lpcxpresso/tools/bin/../lib/gcc/arm-none-eabi/4.9.3/armv6-m\libcr_eabihelpers.a(double.o)
 .text.__aeabi_d2uiz
                0x00000000       0x34 c:/nxp/lpcxpresso_7.7.2_379/lpcxpresso/tools/bin/../lib/gcc/arm-none-eabi/4.9.3/armv6-m\libcr_eabihelpers.a(double.o)
 .text.__aeabi_d2lz
                0x00000000       0x80 c:/nxp/lpcxpresso_7.7.2_379/lpcxpresso/tools/bin/../lib/gcc/arm-none-eabi/4.9.3/armv6-m\libcr_eabihelpers.a(double.o)
 .text.__aeabi_d2ulz
                0x00000000       0x5c c:/nxp/lpcxpresso_7.7.2_379/lpcxpresso/tools/bin/../lib/gcc/arm-none-eabi/4.9.3/armv6-m\libcr_eabihelpers.a(double.o)
 .text.__bhs_ul2d
                0x00000000       0xb4 c:/nxp/lpcxpresso_7.7.2_379/lpcxpresso/tools/bin/../lib/gcc/arm-none-eabi/4.9.3/armv6-m\libcr_eabihelpers.a(double.o)
 .text.__aeabi_ui2d
                0x00000000        0xc c:/nxp/lpcxpresso_7.7.2_379/lpcxpresso/tools/bin/../lib/gcc/arm-none-eabi/4.9.3/armv6-m\libcr_eabihelpers.a(double.o)
 .text.__aeabi_l2d
                0x00000000       0x20 c:/nxp/lpcxpresso_7.7.2_379/lpcxpresso/tools/bin/../lib/gcc/arm-none-eabi/4.9.3/armv6-m\libcr_eabihelpers.a(double.o)
 .text.__aeabi_ul2d
                0x00000000        0xc c:/nxp/lpcxpresso_7.7.2_379/lpcxpresso/tools/bin/../lib/gcc/arm-none-eabi/4.9.3/armv6-m\libcr_eabihelpers.a(double.o)
 .text.__aeabi_dcmpeq
                0x00000000       0x30 c:/nxp/lpcxpresso_7.7.2_379/lpcxpresso/tools/bin/../lib/gcc/arm-none-eabi/4.9.3/armv6-m\libcr_eabihelpers.a(double.o)
 .text.__aeabi_dcmplt
                0x00000000       0x5c c:/nxp/lpcxpresso_7.7.2_379/lpcxpresso/tools/bin/../lib/gcc/arm-none-eabi/4.9.3/armv6-m\libcr_eabihelpers.a(double.o)
 .text.__aeabi_dcmpgt
                0x00000000       0x5c c:/nxp/lpcxpresso_7.7.2_379/lpcxpresso/tools/bin/../lib/gcc/arm-none-eabi/4.9.3/armv6-m\libcr_eabihelpers.a(double.o)
 .text.__aeabi_dcmpun
                0x00000000       0x18 c:/nxp/lpcxpresso_7.7.2_379/lpcxpresso/tools/bin/../lib/gcc/arm-none-eabi/4.9.3/armv6-m\libcr_eabihelpers.a(double.o)
 .text.__aeabi_cdcmple
                0x00000000       0x2e c:/nxp/lpcxpresso_7.7.2_379/lpcxpresso/tools/bin/../lib/gcc/arm-none-eabi/4.9.3/armv6-m\libcr_eabihelpers.a(double.o)
 .text.__aeabi_cdrcmple
                0x00000000       0x14 c:/nxp/lpcxpresso_7.7.2_379/lpcxpresso/tools/bin/../lib/gcc/arm-none-eabi/4.9.3/armv6-m\libcr_eabihelpers.a(double.o)
 .text          0x00000000        0x0 c:/nxp/lpcxpresso_7.7.2_379/lpcxpresso/tools/bin/../lib/gcc/arm-none-eabi/4.9.3/armv6-m\libcr_eabihelpers.a(llong.o)
 .data          0x00000000        0x0 c:/nxp/lpcxpresso_7.7.2_379/lpcxpresso/tools/bin/../lib/gcc/arm-none-eabi/4.9.3/armv6-m\libcr_eabihelpers.a(llong.o)
 .bss           0x00000000        0x0 c:/nxp/lpcxpresso_7.7.2_379/lpcxpresso/tools/bin/../lib/gcc/arm-none-eabi/4.9.3/armv6-m\libcr_eabihelpers.a(llong.o)
 .text.__aeabi_llong_llsl
                0x00000000       0x18 c:/nxp/lpcxpresso_7.7.2_379/lpcxpresso/tools/bin/../lib/gcc/arm-none-eabi/4.9.3/armv6-m\libcr_eabihelpers.a(llong.o)
 .text.__aeabi_llong_lasr
                0x00000000       0x18 c:/nxp/lpcxpresso_7.7.2_379/lpcxpresso/tools/bin/../lib/gcc/arm-none-eabi/4.9.3/armv6-m\libcr_eabihelpers.a(llong.o)
 .text.__aeabi_llong_lcmp
                0x00000000       0x14 c:/nxp/lpcxpresso_7.7.2_379/lpcxpresso/tools/bin/../lib/gcc/arm-none-eabi/4.9.3/armv6-m\libcr_eabihelpers.a(llong.o)
 .text.__aeabi_llong_ulcmp
                0x00000000       0x10 c:/nxp/lpcxpresso_7.7.2_379/lpcxpresso/tools/bin/../lib/gcc/arm-none-eabi/4.9.3/armv6-m\libcr_eabihelpers.a(llong.o)
 .text          0x00000000        0x0 c:/nxp/lpcxpresso_7.7.2_379/lpcxpresso/tools/bin/../lib/gcc/arm-none-eabi/4.9.3/armv6-m\libcr_eabihelpers.a(memcpy.o)
 .data          0x00000000        0x0 c:/nxp/lpcxpresso_7.7.2_379/lpcxpresso/tools/bin/../lib/gcc/arm-none-eabi/4.9.3/armv6-m\libcr_eabihelpers.a(memcpy.o)
 .bss           0x00000000        0x0 c:/nxp/lpcxpresso_7.7.2_379/lpcxpresso/tools/bin/../lib/gcc/arm-none-eabi/4.9.3/armv6-m\libcr_eabihelpers.a(memcpy.o)
 .text.__aeabi_memmove
                0x00000000       0x1c c:/nxp/lpcxpresso_7.7.2_379/lpcxpresso/tools/bin/../lib/gcc/arm-none-eabi/4.9.3/armv6-m\libcr_eabihelpers.a(memcpy.o)
 .text.__aeabi_memclr
                0x00000000        0x6 c:/nxp/lpcxpresso_7.7.2_379/lpcxpresso/tools/bin/../lib/gcc/arm-none-eabi/4.9.3/armv6-m\libcr_eabihelpers.a(memcpy.o)
 .text.__aeabi_memset
                0x00000000        0x8 c:/nxp/lpcxpresso_7.7.2_379/lpcxpresso/tools/bin/../lib/gcc/arm-none-eabi/4.9.3/armv6-m\libcr_eabihelpers.a(memcpy.o)
 .text          0x00000000        0x0 c:/nxp/lpcxpresso_7.7.2_379/lpcxpresso/tools/bin/../lib/gcc/arm-none-eabi/4.9.3/armv6-m\libcr_eabihelpers.a(thumb1_switch_helpers.o)
 .data          0x00000000        0x0 c:/nxp/lpcxpresso_7.7.2_379/lpcxpresso/tools/bin/../lib/gcc/arm-none-eabi/4.9.3/armv6-m\libcr_eabihelpers.a(thumb1_switch_helpers.o)
 .bss           0x00000000        0x0 c:/nxp/lpcxpresso_7.7.2_379/lpcxpresso/tools/bin/../lib/gcc/arm-none-eabi/4.9.3/armv6-m\libcr_eabihelpers.a(thumb1_switch_helpers.o)
 .text.__gnu_thumb1_case_sqi
                0x00000000       0x10 c:/nxp/lpcxpresso_7.7.2_379/lpcxpresso/tools/bin/../lib/gcc/arm-none-eabi/4.9.3/armv6-m\libcr_eabihelpers.a(thumb1_switch_helpers.o)
 .text.__gnu_thumb1_case_shi
                0x00000000       0x10 c:/nxp/lpcxpresso_7.7.2_379/lpcxpresso/tools/bin/../lib/gcc/arm-none-eabi/4.9.3/armv6-m\libcr_eabihelpers.a(thumb1_switch_helpers.o)
 .text.__gnu_thumb1_case_si
                0x00000000       0x18 c:/nxp/lpcxpresso_7.7.2_379/lpcxpresso/tools/bin/../lib/gcc/arm-none-eabi/4.9.3/armv6-m\libcr_eabihelpers.a(thumb1_switch_helpers.o)

Memory Configuration

Name             Origin             Length             Attributes
MFlash32         0x00000000         0x00008000         xr
RamLoc8          0x10000000         0x00002000         xrw
*default*        0x00000000         0xffffffff

Linker script and memory map

LOAD ./src/fatfs/ff.o
LOAD ./src/fatfs/mmc_ssp.o
LOAD ./src/Board.o
LOAD ./src/SD.o
LOAD ./src/comm.o
LOAD ./src/cr_startup_lpc11xx.o
LOAD ./src/crp.o
LOAD ./src/format.o
LOAD ./src/i2c.o
LOAD ./src/interface.o
LOAD ./src/logger.o
LOAD ./src/sensor.o
LOAD C:\Users\Yusuke\Documents\LPCXpresso_7.7.2_379\workspace\CMSISv2p00_LPC11xx\Debug\libCMSISv2p00_LPC11xx.a
START GROUP
LOAD c:/nxp/lpcxpresso_7.7.2_379/lpcxpresso/tools/bin/../lib/gcc/arm-none-eabi/4.9.3/../../../../arm-none-eabi/lib/armv6-m\libcr_c.a
LOAD c:/nxp/lpcxpresso_7.7.2_379/lpcxpresso/tools/bin/../lib/gcc/arm-none-eabi/4.9.3/armv6-m\libcr_eabihelpers.a
END GROUP
                0x00008000                __top_MFlash32 = 0x8000
                0x10002000                __top_RamLoc8 = 0x10002000

.text           0x00000000     0x3c84
 FILL mask 0xff
                0x00000000                __vectors_start__ = ABSOLUTE (.)
 *(.isr_vector)
 .isr_vector    0x00000000       0xc0 ./src/cr_startup_lpc11xx.o
                0x00000000                g_pfnVectors
                0x000000c0                . = ALIGN (0x4)
                0x000000c0                __section_table_start = .
                0x000000c0                __data_section_table = .
                0x000000c0        0x4 LONG 0x3c84 LOADADDR (.data)
                0x000000c4        0x4 LONG 0x10000000 ADDR (.data)
                0x000000c8        0x4 LONG 0x8 SIZEOF (.data)
                0x000000cc                __data_section_table_end = .
                0x000000cc                __bss_section_table = .
                0x000000cc        0x4 LONG 0x10000008 ADDR (.bss)
                0x000000d0        0x4 LONG 0xc90 SIZEOF (.bss)
                0x000000d4                __bss_section_table_end = .
                0x000000d4                __section_table_end = .
 *(.after_vectors*)
 .after_vectors
                0x000000d4       0x70 ./src/cr_startup_lpc11xx.o
                0x000000d4                NMI_Handler
                0x000000d6                HardFault_Handler
                0x000000d8                SVC_Handler
                0x000000da                PendSV_Handler
                0x000000de                TIMER32_1_IRQHandler
                0x000000de                IntDefaultHandler
                0x000000de                PIOINT1_IRQHandler
                0x000000de                CAN_IRQHandler
                0x000000de                SSP0_IRQHandler
                0x000000de                WDT_IRQHandler
                0x000000de                ADC_IRQHandler
                0x000000de                SSP1_IRQHandler
                0x000000de                PIOINT2_IRQHandler
                0x000000de                BOD_IRQHandler
                0x000000de                WAKEUP_IRQHandler
                0x000000de                PIOINT0_IRQHandler
                0x000000de                PIOINT3_IRQHandler
                0x000000e0                data_init
                0x000000f2                bss_init
                0x00000102                ResetISR
                0x000002fc                . = 0x2fc
 *fill*         0x00000144      0x1b8 ff
                0x000002fc                PROVIDE (__CRP_WORD_START__, .)
 *(.crp)
 .crp           0x000002fc        0x4 ./src/crp.o
                0x000002fc                CRP_WORD
                0x00000300                PROVIDE (__CRP_WORD_END__, .)
                0x00000001                ASSERT (! ((__CRP_WORD_START__ == __CRP_WORD_END__)), Linker CRP Enabled, but no CRP_WORD provided within application)
 *(.text*)
 .text.mem_cpy  0x00000300       0x12 ./src/fatfs/ff.o
 .text.mem_set  0x00000312        0xe ./src/fatfs/ff.o
 .text.get_ldnumber
                0x00000320       0x30 ./src/fatfs/ff.o
 .text.validate
                0x00000350       0x2e ./src/fatfs/ff.o
 .text.ld_clust.isra.0
                0x0000037e       0x1c ./src/fatfs/ff.o
 .text.sync_window.part.2
                0x0000039a       0x4a ./src/fatfs/ff.o
 .text.sync_window
                0x000003e4       0x14 ./src/fatfs/ff.o
 .text.sync_fs  0x000003f8       0xe4 ./src/fatfs/ff.o
 .text.move_window
                0x000004dc       0x34 ./src/fatfs/ff.o
 .text.check_fs
                0x00000510       0xa4 ./src/fatfs/ff.o
 .text.find_volume
                0x000005b4      0x390 ./src/fatfs/ff.o
 .text.clust2sect
                0x00000944       0x18 ./src/fatfs/ff.o
                0x00000944                clust2sect
 .text.get_fat  0x0000095c       0xd6 ./src/fatfs/ff.o
                0x0000095c                get_fat
 .text.dir_sdi  0x00000a32       0x86 ./src/fatfs/ff.o
 .text.put_fat  0x00000ab8      0x10a ./src/fatfs/ff.o
                0x00000ab8                put_fat
 *fill*         0x00000bc2        0x2 
 .text.create_chain
                0x00000bc4       0xb0 ./src/fatfs/ff.o
 .text.dir_next
                0x00000c74       0xe8 ./src/fatfs/ff.o
 .text.follow_path
                0x00000d5c      0x234 ./src/fatfs/ff.o
 .text.dir_alloc.constprop.11
                0x00000f90       0x38 ./src/fatfs/ff.o
 .text.dir_register
                0x00000fc8       0x36 ./src/fatfs/ff.o
 .text.remove_chain
                0x00000ffe       0x5a ./src/fatfs/ff.o
 .text.f_mount  0x00001058       0x50 ./src/fatfs/ff.o
                0x00001058                f_mount
 .text.f_open   0x000010a8      0x134 ./src/fatfs/ff.o
                0x000010a8                f_open
 .text.f_write  0x000011dc      0x192 ./src/fatfs/ff.o
                0x000011dc                f_write
 .text.f_sync   0x0000136e       0x9c ./src/fatfs/ff.o
                0x0000136e                f_sync
 .text.f_lseek  0x0000140a      0x13a ./src/fatfs/ff.o
                0x0000140a                f_lseek
 .text.xchg_spi
                0x00001544       0x18 ./src/fatfs/mmc_ssp.o
 .text.wait_ready
                0x0000155c       0x24 ./src/fatfs/mmc_ssp.o
 .text.deselect
                0x00001580       0x20 ./src/fatfs/mmc_ssp.o
 .text.select   0x000015a0       0x34 ./src/fatfs/mmc_ssp.o
 .text.send_cmd
                0x000015d4       0x8a ./src/fatfs/mmc_ssp.o
 *fill*         0x0000165e        0x2 
 .text.rcvr_datablock
                0x00001660       0x94 ./src/fatfs/mmc_ssp.o
 .text.xmit_datablock
                0x000016f4       0x94 ./src/fatfs/mmc_ssp.o
 .text.disk_initialize
                0x00001788      0x1b0 ./src/fatfs/mmc_ssp.o
                0x00001788                disk_initialize
 .text.disk_status
                0x00001938       0x14 ./src/fatfs/mmc_ssp.o
                0x00001938                disk_status
 .text.disk_read
                0x0000194c       0x78 ./src/fatfs/mmc_ssp.o
                0x0000194c                disk_read
 .text.disk_write
                0x000019c4       0xa4 ./src/fatfs/mmc_ssp.o
                0x000019c4                disk_write
 .text.disk_ioctl
                0x00001a68      0x250 ./src/fatfs/mmc_ssp.o
                0x00001a68                disk_ioctl
 .text.disk_timerproc
                0x00001cb8       0x38 ./src/fatfs/mmc_ssp.o
                0x00001cb8                disk_timerproc
 .text.get_fattime
                0x00001cf0        0x8 ./src/fatfs/mmc_ssp.o
                0x00001cf0                get_fattime
 .text.SysTick_Handler
                0x00001cf8       0x64 ./src/Board.o
                0x00001cf8                SysTick_Handler
 .text.startup.main
                0x00001d5c       0x78 ./src/Board.o
                0x00001d5c                main
 .text.SD_save  0x00001dd4       0x10 ./src/SD.o
                0x00001dd4                SD_save
 .text.SD_write
                0x00001de4       0x28 ./src/SD.o
                0x00001de4                SD_write
 .text.nzyou    0x00001e0c       0x14 ./src/SD.o
                0x00001e0c                nzyou
 .text.ItoC     0x00001e20       0x34 ./src/SD.o
                0x00001e20                ItoC
 .text.SD_initialize
                0x00001e54       0x70 ./src/SD.o
                0x00001e54                SD_initialize
 .text.Send     0x00001ec4       0x4c ./src/comm.o
                0x00001ec4                Send
 .text.ACK      0x00001f10       0x10 ./src/comm.o
                0x00001f10                ACK
 .text.NACK     0x00001f20       0x10 ./src/comm.o
                0x00001f20                NACK
 .text.UART_IRQHandler
                0x00001f30      0x138 ./src/comm.o
                0x00001f30                UART_IRQHandler
 .text.C6to8    0x00002068       0x68 ./src/format.o
                0x00002068                C6to8
 .text.C8to6    0x000020d0       0x9c ./src/format.o
                0x000020d0                C8to6
 .text.Encode   0x0000216c       0xda ./src/format.o
                0x0000216c                Encode
 *fill*         0x00002246        0x2 
 .text.I2C_IRQHandler
                0x00002248      0x15c ./src/i2c.o
                0x00002248                I2C_IRQHandler
 .text.I2CInit  0x000023a4       0x70 ./src/i2c.o
                0x000023a4                I2CInit
 .text.I2CEngine
                0x00002414       0x58 ./src/i2c.o
                0x00002414                I2CEngine
 .text.UART_initialize
                0x0000246c       0x90 ./src/interface.o
                0x0000246c                UART_initialize
 .text.UART_SendChar
                0x000024fc       0x10 ./src/interface.o
                0x000024fc                UART_SendChar
 .text.UART_Read
                0x0000250c       0x14 ./src/interface.o
                0x0000250c                UART_Read
 .text.I2C_Initialization
                0x00002520        0xa ./src/interface.o
                0x00002520                I2C_Initialization
 *fill*         0x0000252a        0x2 
 .text.I2C_Write
                0x0000252c       0x2c ./src/interface.o
                0x0000252c                I2C_Write
 .text.I2C_Read
                0x00002558       0x5c ./src/interface.o
                0x00002558                I2C_Read
 .text.SPI0_Initialization
                0x000025b4       0x84 ./src/interface.o
                0x000025b4                SPI0_Initialization
 .text.SPI0_Send
                0x00002638       0x48 ./src/interface.o
                0x00002638                SPI0_Send
 .text.SPI0_Write
                0x00002680       0x20 ./src/interface.o
                0x00002680                SPI0_Write
 .text.SPI0_Receive
                0x000026a0       0x30 ./src/interface.o
                0x000026a0                SPI0_Receive
 .text.SPI0_Read
                0x000026d0       0x24 ./src/interface.o
                0x000026d0                SPI0_Read
 .text.Servo_initialize
                0x000026f4       0x6c ./src/interface.o
                0x000026f4                Servo_initialize
 .text.TIMER16_0_IRQHandler
                0x00002760       0x48 ./src/interface.o
                0x00002760                TIMER16_0_IRQHandler
 .text.Valve_initialize
                0x000027a8       0x20 ./src/interface.o
                0x000027a8                Valve_initialize
 .text.Timer_initialize
                0x000027c8       0xd0 ./src/logger.o
                0x000027c8                Timer_initialize
 .text.TIMER32_0_IRQHandler
                0x00002898       0x2c ./src/logger.o
                0x00002898                TIMER32_0_IRQHandler
 .text.TIMER16_1_IRQHandler
                0x000028c4       0x48 ./src/logger.o
                0x000028c4                TIMER16_1_IRQHandler
 .text.time     0x0000290c        0xc ./src/logger.o
                0x0000290c                time
 .text.Save_buff
                0x00002918      0x1bc ./src/logger.o
                0x00002918                Save_buff
 .text.Loop     0x00002ad4      0x494 ./src/logger.o
                0x00002ad4                Loop
 .text.Sensor_initialize
                0x00002f68       0xa4 ./src/sensor.o
                0x00002f68                Sensor_initialize
 .text.MPU_9250
                0x0000300c      0x244 ./src/sensor.o
                0x0000300c                MPU_9250
 .text.MPL3115A2
                0x00003250       0xcc ./src/sensor.o
                0x00003250                MPL3115A2
 .text.SystemInit
                0x0000331c       0x90 C:\Users\Yusuke\Documents\LPCXpresso_7.7.2_379\workspace\CMSISv2p00_LPC11xx\Debug\libCMSISv2p00_LPC11xx.a(system_LPC11xx.o)
                0x0000331c                SystemInit
 .text.memcpy   0x000033ac        0x8 c:/nxp/lpcxpresso_7.7.2_379/lpcxpresso/tools/bin/../lib/gcc/arm-none-eabi/4.9.3/../../../../arm-none-eabi/lib/armv6-m\libcr_c.a(memcpy.o)
                0x000033ac                memcpy
 .text.memset   0x000033b4        0x8 c:/nxp/lpcxpresso_7.7.2_379/lpcxpresso/tools/bin/../lib/gcc/arm-none-eabi/4.9.3/../../../../arm-none-eabi/lib/armv6-m\libcr_c.a(memset.o)
                0x000033b4                memset
 .text.__weak_main
                0x000033bc        0x8 c:/nxp/lpcxpresso_7.7.2_379/lpcxpresso/tools/bin/../lib/gcc/arm-none-eabi/4.9.3/../../../../arm-none-eabi/lib/armv6-m\libcr_c.a(__weak__main.o)
                0x000033bc                __weak_main
                0x000033bc                __main
 .text.__aeabi_division_idivmod
                0x000033c4       0x78 c:/nxp/lpcxpresso_7.7.2_379/lpcxpresso/tools/bin/../lib/gcc/arm-none-eabi/4.9.3/armv6-m\libcr_eabihelpers.a(division_32.o)
                0x000033c4                __aeabi_idivmod
                0x000033c4                __aeabi_idiv
                0x000033ca                __aeabi_uidivmod
                0x000033ca                __aeabi_uidiv
 .text.__aeabi_division_idiv0
                0x0000343c        0x2 c:/nxp/lpcxpresso_7.7.2_379/lpcxpresso/tools/bin/../lib/gcc/arm-none-eabi/4.9.3/armv6-m\libcr_eabihelpers.a(division_idiv0.o)
                0x0000343c                __aeabi_idiv0
 *fill*         0x0000343e        0x2 
 .text.__aeabi_dmul
                0x00003440      0x178 c:/nxp/lpcxpresso_7.7.2_379/lpcxpresso/tools/bin/../lib/gcc/arm-none-eabi/4.9.3/armv6-m\libcr_eabihelpers.a(double.o)
                0x00003440                __aeabi_dmul
 .text.__aeabi_ddiv
                0x000035b8      0x150 c:/nxp/lpcxpresso_7.7.2_379/lpcxpresso/tools/bin/../lib/gcc/arm-none-eabi/4.9.3/armv6-m\libcr_eabihelpers.a(double.o)
                0x000035b8                __aeabi_ddiv
 .text.__aeabi_dsub
                0x00003708      0x1d8 c:/nxp/lpcxpresso_7.7.2_379/lpcxpresso/tools/bin/../lib/gcc/arm-none-eabi/4.9.3/armv6-m\libcr_eabihelpers.a(double.o)
                0x00003708                __aeabi_dsub
 .text.__aeabi_dadd
                0x000038e0      0x140 c:/nxp/lpcxpresso_7.7.2_379/lpcxpresso/tools/bin/../lib/gcc/arm-none-eabi/4.9.3/armv6-m\libcr_eabihelpers.a(double.o)
                0x000038e0                __aeabi_dadd
 .text.__bhs_ui2d
                0x00003a20       0x5e c:/nxp/lpcxpresso_7.7.2_379/lpcxpresso/tools/bin/../lib/gcc/arm-none-eabi/4.9.3/armv6-m\libcr_eabihelpers.a(double.o)
                0x00003a20                __bhs_ui2d
 .text.__aeabi_i2d
                0x00003a7e       0x16 c:/nxp/lpcxpresso_7.7.2_379/lpcxpresso/tools/bin/../lib/gcc/arm-none-eabi/4.9.3/armv6-m\libcr_eabihelpers.a(double.o)
                0x00003a7e                __aeabi_i2d
 .text.__aeabi_dcmple
                0x00003a94       0x60 c:/nxp/lpcxpresso_7.7.2_379/lpcxpresso/tools/bin/../lib/gcc/arm-none-eabi/4.9.3/armv6-m\libcr_eabihelpers.a(double.o)
                0x00003a94                __aeabi_dcmple
 .text.__aeabi_dcmpge
                0x00003af4       0x64 c:/nxp/lpcxpresso_7.7.2_379/lpcxpresso/tools/bin/../lib/gcc/arm-none-eabi/4.9.3/armv6-m\libcr_eabihelpers.a(double.o)
                0x00003af4                __aeabi_dcmpge
 .text.__aeabi_llong_lmul
                0x00003b58       0x2e c:/nxp/lpcxpresso_7.7.2_379/lpcxpresso/tools/bin/../lib/gcc/arm-none-eabi/4.9.3/armv6-m\libcr_eabihelpers.a(llong.o)
                0x00003b58                __aeabi_lmul
 .text.__aeabi_llong_llsr
                0x00003b86       0x18 c:/nxp/lpcxpresso_7.7.2_379/lpcxpresso/tools/bin/../lib/gcc/arm-none-eabi/4.9.3/armv6-m\libcr_eabihelpers.a(llong.o)
                0x00003b86                __aeabi_llsr
 .text.__aeabi_memcpy
                0x00003b9e       0x2c c:/nxp/lpcxpresso_7.7.2_379/lpcxpresso/tools/bin/../lib/gcc/arm-none-eabi/4.9.3/armv6-m\libcr_eabihelpers.a(memcpy.o)
                0x00003b9e                __aeabi_memcpy4
                0x00003b9e                __aeabi_memcpy8
                0x00003b9e                __aeabi_memcpy
 .text.__aeabi_memset_lowlevel
                0x00003bca       0x2a c:/nxp/lpcxpresso_7.7.2_379/lpcxpresso/tools/bin/../lib/gcc/arm-none-eabi/4.9.3/armv6-m\libcr_eabihelpers.a(memcpy.o)
                0x00003bca                __aeabi_lowlevel_memset
 .text.__gnu_thumb1_case_uqi
                0x00003bf4       0x10 c:/nxp/lpcxpresso_7.7.2_379/lpcxpresso/tools/bin/../lib/gcc/arm-none-eabi/4.9.3/armv6-m\libcr_eabihelpers.a(thumb1_switch_helpers.o)
                0x00003bf4                __gnu_thumb1_case_uqi
 .text.__gnu_thumb1_case_uhi
                0x00003c04       0x10 c:/nxp/lpcxpresso_7.7.2_379/lpcxpresso/tools/bin/../lib/gcc/arm-none-eabi/4.9.3/armv6-m\libcr_eabihelpers.a(thumb1_switch_helpers.o)
                0x00003c04                __gnu_thumb1_case_uhi
 *(.rodata .rodata.* .constdata .constdata.*)
 .rodata.str1.1
                0x00003c14       0x53 ./src/fatfs/ff.o
 .rodata        0x00003c67        0x9 ./src/SD.o
 .rodata.str1.1
                0x00003c70        0x9 ./src/SD.o
                                  0xa (size before relaxing)
 .rodata        0x00003c79        0x8 ./src/comm.o
                0x00003c84                . = ALIGN (0x4)
 *fill*         0x00003c81        0x3 ff

.glue_7         0x00003c84        0x0
 .glue_7        0x00000000        0x0 linker stubs

.glue_7t        0x00003c84        0x0
 .glue_7t       0x00000000        0x0 linker stubs

.vfp11_veneer   0x00003c84        0x0
 .vfp11_veneer  0x00000000        0x0 linker stubs

.v4_bx          0x00003c84        0x0
 .v4_bx         0x00000000        0x0 linker stubs

.iplt           0x00003c84        0x0
 .iplt          0x00000000        0x0 ./src/fatfs/ff.o

.rel.dyn        0x00003c84        0x0
 .rel.iplt      0x00000000        0x0 ./src/fatfs/ff.o

.ARM.extab
 *(.ARM.extab* .gnu.linkonce.armextab.*)
                0x00003c84                __exidx_start = .

.ARM.exidx
 *(.ARM.exidx* .gnu.linkonce.armexidx.*)
                0x00003c84                __exidx_end = .
                0x00003c84                _etext = .

.uninit_RESERVED
                0x10000000        0x0
 *(.bss.$RESERVED*)
                0x10000000                . = ALIGN (0x4)
                0x10000000                _end_uninit_RESERVED = .

.data           0x10000000        0x8 load address 0x00003c84
 FILL mask 0xff
                0x10000000                _data = .
 *(vtable)
 *(.ramfunc*)
 *(.data*)
 .data.Stat     0x10000000        0x1 ./src/fatfs/mmc_ssp.o
 *fill*         0x10000001        0x3 
 .data.SystemCoreClock
                0x10000004        0x4 C:\Users\Yusuke\Documents\LPCXpresso_7.7.2_379\workspace\CMSISv2p00_LPC11xx\Debug\libCMSISv2p00_LPC11xx.a(system_LPC11xx.o)
                0x10000004                SystemCoreClock
                0x10000008                . = ALIGN (0x4)
                0x10000008                _edata = .

.igot.plt       0x10000008        0x0 load address 0x00003c8c
 .igot.plt      0x00000000        0x0 ./src/fatfs/ff.o

.bss            0x10000008      0xc90 load address 0x00003c8c
                0x10000008                _bss = .
 *(.bss*)
 .bss.Fsid      0x10000008        0x2 ./src/fatfs/ff.o
 *fill*         0x1000000a        0x2 
 .bss.FatFs     0x1000000c        0x4 ./src/fatfs/ff.o
 .bss.Timer1    0x10000010        0x4 ./src/fatfs/mmc_ssp.o
 .bss.Timer2    0x10000014        0x4 ./src/fatfs/mmc_ssp.o
 .bss.CardType  0x10000018        0x1 ./src/fatfs/mmc_ssp.o
 *fill*         0x10000019        0x3 
 .bss.count     0x1000001c        0x4 ./src/Board.o
 .bss.etime     0x10000020       0x14 ./src/Board.o
                0x10000020                etime
 .bss.period.4874
                0x10000034        0x4 ./src/Board.o
 .bss.trigger   0x10000038        0x1 ./src/Board.o
 .bss.sstate    0x10000039        0x1 ./src/SD.o
                0x10000039                sstate
 .bss.Blength   0x1000003a        0x1 ./src/comm.o
                0x1000003a                Blength
 .bss.A6length  0x1000003b        0x1 ./src/comm.o
                0x1000003b                A6length
 .bss.Alength   0x1000003c        0x1 ./src/comm.o
                0x1000003c                Alength
 .bss.B6length  0x1000003d        0x1 ./src/comm.o
                0x1000003d                B6length
 .bss.COMM_STATUS
                0x1000003e        0x1 ./src/comm.o
                0x1000003e                COMM_STATUS
 *fill*         0x1000003f        0x1 
 .bss.RdIndex   0x10000040        0x4 ./src/i2c.o
                0x10000040                RdIndex
 .bss.I2CMasterState
                0x10000044        0x4 ./src/i2c.o
                0x10000044                I2CMasterState
 .bss.WrIndex   0x10000048        0x4 ./src/i2c.o
                0x10000048                WrIndex
 .bss.timeout   0x1000004c        0x4 ./src/i2c.o
                0x1000004c                timeout
 .bss.status    0x10000050        0x1 ./src/i2c.o
                0x10000050                status
 .bss.hstate    0x10000051        0x1 ./src/logger.o
                0x10000051                hstate
 *fill*         0x10000052        0x2 
 .bss.check_count.4897
                0x10000054        0x4 ./src/logger.o
 .bss.count_t.4908
                0x10000058        0x4 ./src/logger.o
 *fill*         0x1000005c        0x4 
 .bss.press_fall_count.4899
                0x10000060        0x8 ./src/logger.o
 .bss.loopcount
                0x10000068        0x1 ./src/logger.o
                0x10000068                loopcount
 *fill*         0x10000069        0x3 
 .bss.over_accel.4883
                0x1000006c        0x4 ./src/logger.o
 .bss.landing_count.4912
                0x10000070        0x1 ./src/logger.o
 *fill*         0x10000071        0x3 
 .bss.count_t.4893
                0x10000074        0x4 ./src/logger.o
 .bss.accel_fifo.4882
                0x10000078       0x28 ./src/logger.o
 .bss.press_fifo.4898
                0x100000a0       0xc8 ./src/logger.o
 *(COMMON)
 COMMON         0x10000168      0x594 ./src/Board.o
                0x10000168                pressbuff
                0x100001b8                accelbuff
                0x10000258                tempbuff
                0x100002a8                gyrobuff
                0x10000348                bigaccelbuff
                0x100003e8                data
                0x10000438                fil
                0x1000065c                magbuff
 COMMON         0x100006fc      0x235 ./src/SD.o
                0x100006fc                FatFs
                0x10000930                fr
 COMMON         0x10000931      0x2bc ./src/comm.o
                0x10000931                RdataB
                0x100009c7                RdataB6
                0x10000a8f                RdataA6
                0x10000b57                RdataA
                0x10000b57                nulldata
 *fill*         0x10000bed        0x3 
 COMMON         0x10000bf0       0x88 ./src/i2c.o
                0x10000bf0                I2CReadLength
                0x10000bf4                I2CSlaveBuffer
                0x10000c34                I2CMasterBuffer
                0x10000c74                I2CWriteLength
 COMMON         0x10000c78       0x20 ./src/interface.o
                0x10000c78                dest_addr
                0x10000c88                src_addr
                0x10000c98                . = ALIGN (0x4)
                0x10000c98                _ebss = .
                0x10000c98                PROVIDE (end, .)

.noinit         0x10000c98        0x0 load address 0x00003c8c
                0x10000c98                _noinit = .
 *(.noinit*)
                0x10000c98                . = ALIGN (0x4)
                0x10000c98                _end_noinit = .
                0x10000c98                PROVIDE (_pvHeapStart, DEFINED (__user_heap_base)?__user_heap_base:.)
                0x10002000                PROVIDE (_vStackTop, DEFINED (__user_stack_top)?__user_stack_top:(__top_RamLoc8 - 0x0))
OUTPUT(Board.axf elf32-littlearm)

.debug_info     0x00000000     0xa9fd
 .debug_info    0x00000000     0x36b8 ./src/fatfs/ff.o
 .debug_info    0x000036b8     0x13c7 ./src/fatfs/mmc_ssp.o
 .debug_info    0x00004a7f      0xba7 ./src/Board.o
 .debug_info    0x00005626      0x6f6 ./src/SD.o
 .debug_info    0x00005d1c      0x743 ./src/comm.o
 .debug_info    0x0000645f      0x234 ./src/cr_startup_lpc11xx.o
 .debug_info    0x00006693       0x3f ./src/crp.o
 .debug_info    0x000066d2      0x32a ./src/format.o
 .debug_info    0x000069fc      0xb05 ./src/i2c.o
 .debug_info    0x00007501     0x1273 ./src/interface.o
 .debug_info    0x00008774     0x157d ./src/logger.o
 .debug_info    0x00009cf1      0x8b6 ./src/sensor.o
 .debug_info    0x0000a5a7      0x456 C:\Users\Yusuke\Documents\LPCXpresso_7.7.2_379\workspace\CMSISv2p00_LPC11xx\Debug\libCMSISv2p00_LPC11xx.a(system_LPC11xx.o)

.debug_abbrev   0x00000000     0x1c17
 .debug_abbrev  0x00000000      0x31a ./src/fatfs/ff.o
 .debug_abbrev  0x0000031a      0x398 ./src/fatfs/mmc_ssp.o
 .debug_abbrev  0x000006b2      0x2b0 ./src/Board.o
 .debug_abbrev  0x00000962      0x1f8 ./src/SD.o
 .debug_abbrev  0x00000b5a      0x233 ./src/comm.o
 .debug_abbrev  0x00000d8d       0xe8 ./src/cr_startup_lpc11xx.o
 .debug_abbrev  0x00000e75       0x36 ./src/crp.o
 .debug_abbrev  0x00000eab      0x104 ./src/format.o
 .debug_abbrev  0x00000faf      0x1c0 ./src/i2c.o
 .debug_abbrev  0x0000116f      0x352 ./src/interface.o
 .debug_abbrev  0x000014c1      0x3d1 ./src/logger.o
 .debug_abbrev  0x00001892      0x27f ./src/sensor.o
 .debug_abbrev  0x00001b11      0x106 C:\Users\Yusuke\Documents\LPCXpresso_7.7.2_379\workspace\CMSISv2p00_LPC11xx\Debug\libCMSISv2p00_LPC11xx.a(system_LPC11xx.o)

.debug_loc      0x00000000     0x5dd1
 .debug_loc     0x00000000     0x3fb1 ./src/fatfs/ff.o
 .debug_loc     0x00003fb1      0xbaf ./src/fatfs/mmc_ssp.o
 .debug_loc     0x00004b60       0x59 ./src/Board.o
 .debug_loc     0x00004bb9      0x20c ./src/SD.o
 .debug_loc     0x00004dc5       0xfe ./src/comm.o
 .debug_loc     0x00004ec3      0x1a4 ./src/cr_startup_lpc11xx.o
 .debug_loc     0x00005067      0x427 ./src/format.o
 .debug_loc     0x0000548e       0xff ./src/i2c.o
 .debug_loc     0x0000558d      0x336 ./src/interface.o
 .debug_loc     0x000058c3      0x306 ./src/logger.o
 .debug_loc     0x00005bc9      0x184 ./src/sensor.o
 .debug_loc     0x00005d4d       0x84 C:\Users\Yusuke\Documents\LPCXpresso_7.7.2_379\workspace\CMSISv2p00_LPC11xx\Debug\libCMSISv2p00_LPC11xx.a(system_LPC11xx.o)

.debug_aranges  0x00000000      0x520
 .debug_aranges
                0x00000000      0x1b0 ./src/fatfs/ff.o
 .debug_aranges
                0x000001b0       0x88 ./src/fatfs/mmc_ssp.o
 .debug_aranges
                0x00000238       0x28 ./src/Board.o
 .debug_aranges
                0x00000260       0x48 ./src/SD.o
 .debug_aranges
                0x000002a8       0x38 ./src/comm.o
 .debug_aranges
                0x000002e0       0x60 ./src/cr_startup_lpc11xx.o
 .debug_aranges
                0x00000340       0x18 ./src/crp.o
 .debug_aranges
                0x00000358       0x30 ./src/format.o
 .debug_aranges
                0x00000388       0x40 ./src/i2c.o
 .debug_aranges
                0x000003c8       0xa8 ./src/interface.o
 .debug_aranges
                0x00000470       0x48 ./src/logger.o
 .debug_aranges
                0x000004b8       0x40 ./src/sensor.o
 .debug_aranges
                0x000004f8       0x28 C:\Users\Yusuke\Documents\LPCXpresso_7.7.2_379\workspace\CMSISv2p00_LPC11xx\Debug\libCMSISv2p00_LPC11xx.a(system_LPC11xx.o)

.debug_ranges   0x00000000      0x6b8
 .debug_ranges  0x00000000      0x238 ./src/fatfs/ff.o
 .debug_ranges  0x00000238       0xa8 ./src/fatfs/mmc_ssp.o
 .debug_ranges  0x000002e0       0x50 ./src/Board.o
 .debug_ranges  0x00000330       0x38 ./src/SD.o
 .debug_ranges  0x00000368       0x28 ./src/comm.o
 .debug_ranges  0x00000390       0x50 ./src/cr_startup_lpc11xx.o
 .debug_ranges  0x000003e0       0x20 ./src/format.o
 .debug_ranges  0x00000400       0x30 ./src/i2c.o
 .debug_ranges  0x00000430       0xe0 ./src/interface.o
 .debug_ranges  0x00000510      0x160 ./src/logger.o
 .debug_ranges  0x00000670       0x30 ./src/sensor.o
 .debug_ranges  0x000006a0       0x18 C:\Users\Yusuke\Documents\LPCXpresso_7.7.2_379\workspace\CMSISv2p00_LPC11xx\Debug\libCMSISv2p00_LPC11xx.a(system_LPC11xx.o)

.debug_macro    0x00000000     0x2eae
 .debug_macro   0x00000000      0x2a5 ./src/fatfs/ff.o
 .debug_macro   0x000002a5      0x83e ./src/fatfs/ff.o
 .debug_macro   0x00000ae3       0xdb ./src/fatfs/ff.o
 .debug_macro   0x00000bbe       0xf5 ./src/fatfs/ff.o
 .debug_macro   0x00000cb3       0xb8 ./src/fatfs/ff.o
 .debug_macro   0x00000d6b      0x1a8 ./src/fatfs/mmc_ssp.o
 .debug_macro   0x00000f13       0x1c ./src/fatfs/mmc_ssp.o
 .debug_macro   0x00000f2f       0x2e ./src/fatfs/mmc_ssp.o
 .debug_macro   0x00000f5d       0x10 ./src/fatfs/mmc_ssp.o
 .debug_macro   0x00000f6d      0x12d ./src/fatfs/mmc_ssp.o
 .debug_macro   0x0000109a      0x5b2 ./src/fatfs/mmc_ssp.o
 .debug_macro   0x0000164c      0x237 ./src/fatfs/mmc_ssp.o
 .debug_macro   0x00001883      0x131 ./src/fatfs/mmc_ssp.o
 .debug_macro   0x000019b4       0x16 ./src/fatfs/mmc_ssp.o
 .debug_macro   0x000019ca       0xa6 ./src/fatfs/mmc_ssp.o
 .debug_macro   0x00001a70       0xe3 ./src/Board.o
 .debug_macro   0x00001b53       0x82 ./src/Board.o
 .debug_macro   0x00001bd5       0xa0 ./src/Board.o
 .debug_macro   0x00001c75       0xca ./src/Board.o
 .debug_macro   0x00001d3f       0xa0 ./src/Board.o
 .debug_macro   0x00001ddf       0x40 ./src/Board.o
 .debug_macro   0x00001e1f       0xee ./src/Board.o
 .debug_macro   0x00001f0d       0xa2 ./src/SD.o
 .debug_macro   0x00001faf       0xa4 ./src/comm.o
 .debug_macro   0x00002053       0x52 ./src/comm.o
 .debug_macro   0x000020a5       0x1d ./src/cr_startup_lpc11xx.o
 .debug_macro   0x000020c2       0x1a ./src/crp.o
 .debug_macro   0x000020dc       0x34 ./src/crp.o
 .debug_macro   0x00002110       0x93 ./src/format.o
 .debug_macro   0x000021a3       0x7f ./src/i2c.o
 .debug_macro   0x00002222       0xee ./src/i2c.o
 .debug_macro   0x00002310       0x88 ./src/interface.o
 .debug_macro   0x00002398       0xda ./src/logger.o
 .debug_macro   0x00002472       0xd0 ./src/sensor.o
 .debug_macro   0x00002542      0x13a C:\Users\Yusuke\Documents\LPCXpresso_7.7.2_379\workspace\CMSISv2p00_LPC11xx\Debug\libCMSISv2p00_LPC11xx.a(system_LPC11xx.o)
 .debug_macro   0x0000267c      0x832 C:\Users\Yusuke\Documents\LPCXpresso_7.7.2_379\workspace\CMSISv2p00_LPC11xx\Debug\libCMSISv2p00_LPC11xx.a(system_LPC11xx.o)

.debug_line     0x00000000     0x2f0f
 .debug_line    0x00000000      0xe2f ./src/fatfs/ff.o
 .debug_line    0x00000e2f      0x4b5 ./src/fatfs/mmc_ssp.o
 .debug_line    0x000012e4      0x2c4 ./src/Board.o
 .debug_line    0x000015a8      0x265 ./src/SD.o
 .debug_line    0x0000180d      0x2a1 ./src/comm.o
 .debug_line    0x00001aae       0xaf ./src/cr_startup_lpc11xx.o
 .debug_line    0x00001b5d       0x78 ./src/crp.o
 .debug_line    0x00001bd5      0x250 ./src/format.o
 .debug_line    0x00001e25      0x25d ./src/i2c.o
 .debug_line    0x00002082      0x45c ./src/interface.o
 .debug_line    0x000024de      0x504 ./src/logger.o
 .debug_line    0x000029e2      0x361 ./src/sensor.o
 .debug_line    0x00002d43      0x1cc C:\Users\Yusuke\Documents\LPCXpresso_7.7.2_379\workspace\CMSISv2p00_LPC11xx\Debug\libCMSISv2p00_LPC11xx.a(system_LPC11xx.o)

.debug_str      0x00000000     0x8b24
 .debug_str     0x00000000     0x373d ./src/fatfs/ff.o
                               0x37fa (size before relaxing)
 .debug_str     0x0000373d     0x345b ./src/fatfs/mmc_ssp.o
                               0x5b17 (size before relaxing)
 .debug_str     0x00006b98     0x1003 ./src/Board.o
                               0x68ee (size before relaxing)
 .debug_str     0x00007b9b       0x76 ./src/SD.o
                               0x593a (size before relaxing)
 .debug_str     0x00007c11       0xfb ./src/comm.o
                               0x58f2 (size before relaxing)
 .debug_str     0x00007d0c      0x171 ./src/cr_startup_lpc11xx.o
                               0x2526 (size before relaxing)
 .debug_str     0x00007e7d       0xe9 ./src/crp.o
                               0x2476 (size before relaxing)
 .debug_str     0x00007f66       0x4c ./src/format.o
                               0x533c (size before relaxing)
 .debug_str     0x00007fb2      0x3fd ./src/i2c.o
                               0x5a8e (size before relaxing)
 .debug_str     0x000083af      0x121 ./src/interface.o
                               0x5dfd (size before relaxing)
 .debug_str     0x000084d0      0x179 ./src/logger.o
                               0x67d9 (size before relaxing)
 .debug_str     0x00008649       0x5d ./src/sensor.o
                               0x5ffc (size before relaxing)
 .debug_str     0x000086a6      0x47e C:\Users\Yusuke\Documents\LPCXpresso_7.7.2_379\workspace\CMSISv2p00_LPC11xx\Debug\libCMSISv2p00_LPC11xx.a(system_LPC11xx.o)
                               0x561f (size before relaxing)

.comment        0x00000000       0x70
 .comment       0x00000000       0x70 ./src/fatfs/ff.o
                                 0x71 (size before relaxing)
 .comment       0x00000000       0x71 ./src/fatfs/mmc_ssp.o
 .comment       0x00000000       0x71 ./src/Board.o
 .comment       0x00000000       0x71 ./src/SD.o
 .comment       0x00000000       0x71 ./src/comm.o
 .comment       0x00000000       0x71 ./src/cr_startup_lpc11xx.o
 .comment       0x00000000       0x71 ./src/crp.o
 .comment       0x00000000       0x71 ./src/format.o
 .comment       0x00000000       0x71 ./src/i2c.o
 .comment       0x00000000       0x71 ./src/interface.o
 .comment       0x00000000       0x71 ./src/logger.o
 .comment       0x00000000       0x71 ./src/sensor.o
 .comment       0x00000000       0x71 C:\Users\Yusuke\Documents\LPCXpresso_7.7.2_379\workspace\CMSISv2p00_LPC11xx\Debug\libCMSISv2p00_LPC11xx.a(system_LPC11xx.o)
 .comment       0x00000000       0x71 c:/nxp/lpcxpresso_7.7.2_379/lpcxpresso/tools/bin/../lib/gcc/arm-none-eabi/4.9.3/../../../../arm-none-eabi/lib/armv6-m\libcr_c.a(memcpy.o)
 .comment       0x00000000       0x71 c:/nxp/lpcxpresso_7.7.2_379/lpcxpresso/tools/bin/../lib/gcc/arm-none-eabi/4.9.3/../../../../arm-none-eabi/lib/armv6-m\libcr_c.a(memset.o)
 .comment       0x00000000       0x71 c:/nxp/lpcxpresso_7.7.2_379/lpcxpresso/tools/bin/../lib/gcc/arm-none-eabi/4.9.3/../../../../arm-none-eabi/lib/armv6-m\libcr_c.a(__weak__main.o)
 .comment       0x00000000       0x71 c:/nxp/lpcxpresso_7.7.2_379/lpcxpresso/tools/bin/../lib/gcc/arm-none-eabi/4.9.3/armv6-m\libcr_eabihelpers.a(double.o)

.ARM.attributes
                0x00000000       0x2f
 .ARM.attributes
                0x00000000       0x31 ./src/fatfs/ff.o
 .ARM.attributes
                0x00000031       0x31 ./src/fatfs/mmc_ssp.o
 .ARM.attributes
                0x00000062       0x31 ./src/Board.o
 .ARM.attributes
                0x00000093       0x31 ./src/SD.o
 .ARM.attributes
                0x000000c4       0x31 ./src/comm.o
 .ARM.attributes
                0x000000f5       0x31 ./src/cr_startup_lpc11xx.o
 .ARM.attributes
                0x00000126       0x31 ./src/crp.o
 .ARM.attributes
                0x00000157       0x31 ./src/format.o
 .ARM.attributes
                0x00000188       0x31 ./src/i2c.o
 .ARM.attributes
                0x000001b9       0x31 ./src/interface.o
 .ARM.attributes
                0x000001ea       0x31 ./src/logger.o
 .ARM.attributes
                0x0000021b       0x31 ./src/sensor.o
 .ARM.attributes
                0x0000024c       0x31 C:\Users\Yusuke\Documents\LPCXpresso_7.7.2_379\workspace\CMSISv2p00_LPC11xx\Debug\libCMSISv2p00_LPC11xx.a(system_LPC11xx.o)
 .ARM.attributes
                0x0000027d       0x31 c:/nxp/lpcxpresso_7.7.2_379/lpcxpresso/tools/bin/../lib/gcc/arm-none-eabi/4.9.3/../../../../arm-none-eabi/lib/armv6-m\libcr_c.a(memcpy.o)
 .ARM.attributes
                0x000002ae       0x31 c:/nxp/lpcxpresso_7.7.2_379/lpcxpresso/tools/bin/../lib/gcc/arm-none-eabi/4.9.3/../../../../arm-none-eabi/lib/armv6-m\libcr_c.a(memset.o)
 .ARM.attributes
                0x000002df       0x31 c:/nxp/lpcxpresso_7.7.2_379/lpcxpresso/tools/bin/../lib/gcc/arm-none-eabi/4.9.3/../../../../arm-none-eabi/lib/armv6-m\libcr_c.a(__weak__main.o)
 .ARM.attributes
                0x00000310       0x21 c:/nxp/lpcxpresso_7.7.2_379/lpcxpresso/tools/bin/../lib/gcc/arm-none-eabi/4.9.3/armv6-m\libcr_eabihelpers.a(division_32.o)
 .ARM.attributes
                0x00000331       0x21 c:/nxp/lpcxpresso_7.7.2_379/lpcxpresso/tools/bin/../lib/gcc/arm-none-eabi/4.9.3/armv6-m\libcr_eabihelpers.a(division_idiv0.o)
 .ARM.attributes
                0x00000352       0x31 c:/nxp/lpcxpresso_7.7.2_379/lpcxpresso/tools/bin/../lib/gcc/arm-none-eabi/4.9.3/armv6-m\libcr_eabihelpers.a(double.o)
 .ARM.attributes
                0x00000383       0x21 c:/nxp/lpcxpresso_7.7.2_379/lpcxpresso/tools/bin/../lib/gcc/arm-none-eabi/4.9.3/armv6-m\libcr_eabihelpers.a(llong.o)
 .ARM.attributes
                0x000003a4       0x21 c:/nxp/lpcxpresso_7.7.2_379/lpcxpresso/tools/bin/../lib/gcc/arm-none-eabi/4.9.3/armv6-m\libcr_eabihelpers.a(memcpy.o)
 .ARM.attributes
                0x000003c5       0x21 c:/nxp/lpcxpresso_7.7.2_379/lpcxpresso/tools/bin/../lib/gcc/arm-none-eabi/4.9.3/armv6-m\libcr_eabihelpers.a(thumb1_switch_helpers.o)

.debug_frame    0x00000000      0xda4
 .debug_frame   0x00000000      0x5d8 ./src/fatfs/ff.o
 .debug_frame   0x000005d8      0x16c ./src/fatfs/mmc_ssp.o
 .debug_frame   0x00000744       0x44 ./src/Board.o
 .debug_frame   0x00000788       0xb4 ./src/SD.o
 .debug_frame   0x0000083c       0x84 ./src/comm.o
 .debug_frame   0x000008c0       0xb0 ./src/cr_startup_lpc11xx.o
 .debug_frame   0x00000970       0x78 ./src/format.o
 .debug_frame   0x000009e8       0x74 ./src/i2c.o
 .debug_frame   0x00000a5c      0x1c4 ./src/interface.o
 .debug_frame   0x00000c20       0xac ./src/logger.o
 .debug_frame   0x00000ccc       0x94 ./src/sensor.o
 .debug_frame   0x00000d60       0x44 C:\Users\Yusuke\Documents\LPCXpresso_7.7.2_379\workspace\CMSISv2p00_LPC11xx\Debug\libCMSISv2p00_LPC11xx.a(system_LPC11xx.o)
